
> quan-ly-hkd-temp@0.1.0 build
> next build

Γû▓ Next.js 16.2.3 (Turbopack)
- Environments: .env.local

  Creating an optimized production build ...
Γ£ô Compiled successfully in 10.5s
  Running TypeScript ...
node.exe : Failed to type check.
At line:1 char:1
+ & "C:\Program Files\nodejs/node.exe" "C:\Program Files\nodejs/node_mo ...
+ ~~~~~~~~~~~~~~~~~~~~~~~~~~~~~~~~~~~~~~~~~~~~~~~~~~~~~~~~~~~~~~~~~~~~~
    + CategoryInfo          : NotSpecified: (Failed to type check.:String) [], RemoteException
    + FullyQualifiedErrorId : NativeCommandError
 

./src/components/SuperAdminDashboard.tsx:49:29
Type error: Cannot find name 'expireDate'.

  [90m47 |[0m         store_code: storeCode,
  [90m48 |[0m         name: storeName,
[31m[1m>[0m [90m49 |[0m         expire_at: [36mnew[0m [33mDate[0m(expireDate).toISOString(),
  [90m   |[0m                             [31m[1m^[0m
  [90m50 |[0m         contact_phone: contactPhone,
  [90m51 |[0m         auto_logout_minutes: autoLogoutMinutes
  [90m52 |[0m       }).select().single();
Next.js build worker exited with code: 1 and signal: null
